// Jest Snapshot v1, https://goo.gl/fbAQLP

exports[`Pruebas en el componente pokemonPicture Debe de hacer match con el snaptchot 1`] = `<div class="pokemon-container"><img src="https://raw.githubusercontent.com/PokeAPI/sprites/master/sprites/pokemon/other/dream-world/1.svg" class="fade-in" alt="pokemon"></div>`;
